
> my-music-player@0.1.0 build
> next build

Γû▓ Next.js 16.2.1 (Turbopack)

  Creating an optimized production build ...
Γ£ô Compiled successfully in 2.9s
  Running TypeScript ...
node.exe : Failed to type check.
At line:1 char:1
+ & "D:\NodeJs/node.exe" 
"C:\Users\Vikas 
Reddy\AppData\Roaming\npm/node 
...
+ ~~~~~~~~~~~~~~~~~~~~~~~~~~~~~~~
~~~~~~~~~~~~~~~~~~~~~~~~~~~~~~~~~
~~~~~
    + CategoryInfo          : No 
   tSpecified: (Failed to type   
  check.:String) [], RemoteExc   
 eption
    + FullyQualifiedErrorId : Na 
   tiveCommandError
 

./components/visualizer/AudioVisu
alizer.tsx:152:51
Type error: Argument of type 
'Uint8Array<ArrayBufferLike>' is 
not assignable to parameter of 
type 'Uint8Array<ArrayBuffer>'.
  Type 'ArrayBufferLike' is not 
assignable to type 'ArrayBuffer'.
    Type 'SharedArrayBuffer' is 
missing the following properties 
from type 'ArrayBuffer': 
resizable, resize, detached, 
transfer, transferToFixedLength

  [90m150 |[0m     [36mif[0m 
(analyserRef.current && 
dataArrayRef.current) {
  [90m151 |[0m       
[36mif[0m (visualizerMode === 
[32m'wave'[0m) {
[31m[1m>[0m [90m152 |[0m    
     analyserRef.current.getByteT
imeDomainData(dataArrayRef.curren
t);
  [90m    |[0m                 
                                 
 [31m[1m^[0m
  [90m153 |[0m       } 
[36melse[0m {
  [90m154 |[0m         analyser
Ref.current.getByteFrequencyData(
dataArrayRef.current);
  [90m155 |[0m       }
Next.js build worker exited with 
code: 1 and signal: null
